In cycle 6: Number Overflow
In cycle 19: Write $0 Error
In cycle 309: Number Overflow
In cycle 310: Number Overflow
In cycle 312: Number Overflow
In cycle 313: Number Overflow
In cycle 314: Number Overflow
In cycle 324: Number Overflow
In cycle 334: Number Overflow
In cycle 344: Number Overflow
In cycle 354: Number Overflow
In cycle 364: Number Overflow
In cycle 374: Number Overflow
In cycle 384: Number Overflow
In cycle 394: Number Overflow
In cycle 404: Number Overflow
In cycle 414: Number Overflow
In cycle 424: Number Overflow
In cycle 434: Number Overflow
In cycle 444: Number Overflow
In cycle 454: Number Overflow
In cycle 464: Number Overflow
In cycle 474: Number Overflow
In cycle 484: Number Overflow
In cycle 494: Number Overflow
In cycle 504: Number Overflow
In cycle 514: Number Overflow
In cycle 524: Number Overflow
In cycle 534: Number Overflow
In cycle 544: Number Overflow
In cycle 554: Number Overflow
In cycle 564: Number Overflow
In cycle 574: Number Overflow
In cycle 584: Number Overflow
In cycle 594: Number Overflow
In cycle 604: Number Overflow
In cycle 614: Number Overflow
In cycle 624: Number Overflow
In cycle 634: Number Overflow
In cycle 644: Number Overflow
In cycle 654: Number Overflow
In cycle 664: Number Overflow
In cycle 674: Number Overflow
In cycle 684: Number Overflow
In cycle 694: Number Overflow
In cycle 704: Number Overflow
In cycle 714: Number Overflow
In cycle 724: Number Overflow
In cycle 734: Number Overflow
In cycle 744: Number Overflow
In cycle 754: Number Overflow
In cycle 764: Number Overflow
In cycle 774: Number Overflow
In cycle 784: Number Overflow
In cycle 794: Number Overflow
In cycle 804: Number Overflow
In cycle 814: Number Overflow
In cycle 824: Number Overflow
In cycle 834: Number Overflow
In cycle 844: Number Overflow
In cycle 854: Number Overflow
In cycle 864: Number Overflow
In cycle 874: Number Overflow
In cycle 884: Number Overflow
In cycle 894: Number Overflow
In cycle 904: Number Overflow
In cycle 914: Number Overflow
In cycle 924: Number Overflow
In cycle 934: Number Overflow
In cycle 944: Number Overflow
In cycle 954: Number Overflow
In cycle 964: Number Overflow
In cycle 974: Number Overflow
In cycle 984: Number Overflow
In cycle 994: Number Overflow
In cycle 1004: Number Overflow
In cycle 1014: Number Overflow
In cycle 1024: Number Overflow
In cycle 1034: Number Overflow
In cycle 1044: Number Overflow
In cycle 1054: Number Overflow
In cycle 1064: Number Overflow
In cycle 1074: Number Overflow
In cycle 1084: Number Overflow
In cycle 1094: Number Overflow
In cycle 1104: Number Overflow
In cycle 1114: Number Overflow
In cycle 1124: Number Overflow
In cycle 1134: Number Overflow
In cycle 1144: Number Overflow
In cycle 1154: Number Overflow
In cycle 1164: Number Overflow
In cycle 1174: Number Overflow
In cycle 1184: Number Overflow
In cycle 1194: Number Overflow
In cycle 1204: Number Overflow
In cycle 1214: Number Overflow
In cycle 1224: Number Overflow
In cycle 1234: Number Overflow
In cycle 1244: Number Overflow
In cycle 1254: Number Overflow
In cycle 1264: Number Overflow
In cycle 1274: Number Overflow
In cycle 1284: Number Overflow
In cycle 1294: Number Overflow
In cycle 1304: Number Overflow
In cycle 1314: Number Overflow
In cycle 1324: Number Overflow
In cycle 1334: Number Overflow
In cycle 1344: Number Overflow
In cycle 1354: Number Overflow
In cycle 1364: Number Overflow
In cycle 1374: Number Overflow
In cycle 1384: Number Overflow
In cycle 1394: Number Overflow
In cycle 1404: Number Overflow
In cycle 1414: Number Overflow
In cycle 1424: Number Overflow
In cycle 1434: Number Overflow
In cycle 1444: Number Overflow
In cycle 1454: Number Overflow
In cycle 1464: Number Overflow
In cycle 1474: Number Overflow
In cycle 1484: Number Overflow
In cycle 1494: Number Overflow
In cycle 1504: Number Overflow
In cycle 1514: Number Overflow
In cycle 1524: Number Overflow
In cycle 1534: Number Overflow
In cycle 1544: Number Overflow
In cycle 1554: Number Overflow
In cycle 1564: Number Overflow
In cycle 1574: Number Overflow
In cycle 1584: Number Overflow
In cycle 1594: Number Overflow
In cycle 1655: Address Overflow
In cycle 1655: Misalignment Error
