In cycle 5: Write $0 Error
In cycle 6: Write $0 Error
In cycle 7: Write $0 Error
In cycle 8: Write $0 Error
In cycle 9: Write $0 Error
In cycle 10: Write $0 Error
In cycle 11: Write $0 Error
In cycle 12: Write $0 Error
In cycle 13: Write $0 Error
In cycle 14: Write $0 Error
In cycle 15: Write $0 Error
In cycle 16: Write $0 Error
In cycle 17: Write $0 Error
In cycle 18: Write $0 Error
In cycle 19: Write $0 Error
In cycle 20: Write $0 Error
In cycle 21: Write $0 Error
In cycle 22: Write $0 Error
In cycle 23: Write $0 Error
In cycle 25: Write $0 Error
In cycle 26: Write $0 Error
In cycle 27: Write $0 Error
In cycle 28: Write $0 Error
In cycle 29: Write $0 Error
In cycle 30: Write $0 Error
In cycle 31: Write $0 Error
In cycle 32: Write $0 Error
In cycle 36: Write $0 Error
In cycle 37: Write $0 Error
In cycle 38: Write $0 Error
In cycle 39: Write $0 Error
In cycle 40: Write $0 Error
In cycle 72: Number Overflow
In cycle 73: Number Overflow
In cycle 74: Number Overflow
In cycle 75: Number Overflow
In cycle 76: Number Overflow
In cycle 1377: Number Overflow
In cycle 1461: Number Overflow
In cycle 1475: Number Overflow
In cycle 1489: Number Overflow
In cycle 1503: Number Overflow
In cycle 1524: Number Overflow
In cycle 1538: Number Overflow
In cycle 1573: Number Overflow
In cycle 1601: Number Overflow
In cycle 1622: Number Overflow
In cycle 1643: Number Overflow
In cycle 1692: Number Overflow
In cycle 1706: Number Overflow
In cycle 1720: Number Overflow
In cycle 1734: Number Overflow
In cycle 1748: Number Overflow
In cycle 1762: Number Overflow
In cycle 1776: Number Overflow
In cycle 1803: Address Overflow
In cycle 1803: Misalignment Error
