In cycle 20: Write $0 Error
In cycle 21: Write $0 Error
In cycle 22: Write $0 Error
In cycle 23: Write $0 Error
In cycle 24: Write $0 Error
In cycle 27: Number Overflow
In cycle 31: Number Overflow
In cycle 34: Number Overflow
In cycle 39: Number Overflow
In cycle 42: Number Overflow
In cycle 57: Number Overflow
In cycle 58: Write $0 Error
In cycle 59: Write $0 Error
In cycle 60: Write $0 Error
In cycle 61: Write $0 Error
In cycle 62: Write $0 Error
In cycle 63: Write $0 Error
In cycle 64: Write $0 Error
In cycle 65: Write $0 Error
In cycle 66: Write $0 Error
In cycle 67: Write $0 Error
In cycle 68: Write $0 Error
In cycle 68: Number Overflow
In cycle 69: Number Overflow
In cycle 86: Write $0 Error
In cycle 87: Write $0 Error
In cycle 88: Write $0 Error
In cycle 89: Write $0 Error
In cycle 90: Write $0 Error
In cycle 91: Write $0 Error
In cycle 416: Number Overflow
In cycle 427: Number Overflow
In cycle 438: Number Overflow
In cycle 449: Number Overflow
In cycle 460: Number Overflow
In cycle 471: Number Overflow
In cycle 482: Number Overflow
In cycle 493: Number Overflow
In cycle 504: Number Overflow
In cycle 515: Number Overflow
In cycle 526: Number Overflow
In cycle 537: Number Overflow
In cycle 548: Number Overflow
In cycle 559: Number Overflow
In cycle 570: Number Overflow
In cycle 581: Number Overflow
In cycle 592: Number Overflow
In cycle 603: Number Overflow
In cycle 614: Number Overflow
In cycle 625: Number Overflow
In cycle 636: Number Overflow
In cycle 647: Number Overflow
In cycle 658: Number Overflow
In cycle 669: Number Overflow
In cycle 680: Number Overflow
In cycle 691: Number Overflow
In cycle 702: Number Overflow
In cycle 713: Number Overflow
In cycle 724: Number Overflow
In cycle 735: Number Overflow
In cycle 746: Number Overflow
In cycle 3554: Number Overflow
In cycle 3575: Address Overflow
